// Jest Snapshot v1, https://goo.gl/fbAQLP

exports[`Tooltip renders 1`] = `
<div
  class="fixLineHeight"
  id="the-id"
>
  <div
    aria-hidden="true"
    aria-live="polite"
    class="verticalPadding-2 horizontalPadding-3 right hide"
    data-testid="bubble"
    id="unknown-field_tooltip"
    role="tooltip"
  >
    <span
      class="small smallFont color"
    >
      Helper text
    </span>
  </div>
  <button
    aria-controls="unknown-field_tooltip"
    aria-expanded="false"
    aria-haspopup="true"
    class="trigger"
  >
    <i
      aria-label="Reveal additional information."
      class="iconQuestionMarkCircle size24"
    >
      
    </i>
  </button>
</div>
`;
