// Jest Snapshot v1, https://goo.gl/fbAQLP

exports[`Tooltip renders 1`] = `
<div
  class="wrapper"
>
  <span
    class="right"
  >
    Helper text
  </span>
  <button
    class="trigger"
  >
    <i
      aria-hidden="true"
      class="iconQuestionMarkCircle size16"
    >
      
    </i>
  </button>
</div>
`;
