// Jest Snapshot v1, https://goo.gl/fbAQLP

exports[`Headline matches snapshot 1`] = `
<BlockHeadline
  eyebrow="Foo"
  subtext=""
  title="Bar"
>
  <section
    className="b-headline"
  >
    <div
      className="container container--limited-width"
    >
      <div
        className="grid-row"
      >
        <div
          className="medium-6 large-7 xl-7"
        >
          <p
            className="heading-4"
          >
            Foo
          </p>
          <h1
            className="display-heading-1 bottom-margin-0"
          >
            Bar
          </h1>
        </div>
      </div>
    </div>
  </section>
</BlockHeadline>
`;
