// Jest Snapshot v1, https://goo.gl/fbAQLP

exports[`Headline matches snapshot 1`] = `
<HeadlineBlock
  eyebrow="Foo"
  title="Bar"
>
  <div
    className="headline-block__bg"
  >
    <div
      className="tds-container tds-container--limited-width"
    >
      <div
        className="tds-grid-row"
      >
        <div
          className="tds-medium-6 tds-large-7 tds-xl-7"
        >
          <p
            className="tds-heading-4 headline-block--grape"
          >
            Foo
          </p>
          <h1
            className="display-heading-1"
          >
            Bar
          </h1>
        </div>
      </div>
    </div>
  </div>
</HeadlineBlock>
`;
