// Jest Snapshot v1, https://goo.gl/fbAQLP

exports[`BlockTitledText Component with props matches snapshot 1`] = `
<section
  className="b-titled-text"
>
  <div
    className="container container--limited-width"
  >
    <div
      className="grid-row"
    >
      <div
        className="large-9"
      >
        <h1
          className="heading-1"
        >
          <WithLegal
            content="Title1"
          />
        </h1>
        <ComponentTitledText
          text="Small Text1"
          title="Small Title 1"
        />
      </div>
    </div>
  </div>
</section>
`;
