// Jest Snapshot v1, https://goo.gl/fbAQLP

exports[`Input renders 1`] = `
<div>
  <label
    className="label"
    htmlFor="the-label"
  >
    The label
  </label>
  <div
    className="default"
    data-inputwrapper={true}
  >
    <input
      className="input"
      id="the-label"
      onBlur={[Function]}
      onChange={[Function]}
      onFocus={[Function]}
      type="text"
      value=""
    />
  </div>
</div>
`;
