// Jest Snapshot v1, https://goo.gl/fbAQLP

exports[`ColoredTextProvider allows Link to inherit its color 1`] = `
.c0 {
  display: inline-block;
}

.c0:focus {
  outline: auto 5px -webkit-focus-ring-color;
}

.c0:link,
.c0:visited {
  color: #2a2c2e;
  -webkit-text-decoration: underline;
  text-decoration: underline;
}

.c0:hover {
  -webkit-text-decoration: none;
  text-decoration: none;
}

.c0 svg {
  -webkit-transition: -webkit-transform 150ms ease-in-out;
  -webkit-transition: transform 150ms ease-in-out;
  transition: transform 150ms ease-in-out;
}

.c0:hover svg {
  -webkit-transform: scale(1.1,1.1);
  -ms-transform: scale(1.1,1.1);
  transform: scale(1.1,1.1);
}

.c0:active svg {
  -webkit-transform: scale(1,1);
  -ms-transform: scale(1,1);
  transform: scale(1,1);
}

.c0:link,
.c0:visited {
  color: inherit;
}

.c0:active {
  background-color: #d8d8d8;
  border-radius: 0.25rem;
  padding: 0.125rem;
  margin: -0.125rem;
  -webkit-text-decoration: underline;
  text-decoration: underline;
}

.c0:focus {
  border: 0.125rem solid #71757b;
  padding: 0.125rem;
  margin: -0.25rem;
  border-radius: 0.25rem;
  outline: none;
}

<a
  className="c0"
  href="http://fake.com"
  to={null}
>
  a hyperlink
</a>
`;
