// Jest Snapshot v1, https://goo.gl/fbAQLP

exports[`<Notification /> renders 1`] = `
<div
  className="instructional"
>
  <Container
    limitWidth={true}
  >
    <div
      className="flexRow"
    >
      <Paragraph
        align="left"
        bold={false}
        invert={false}
        size="medium"
      >
        Some content
      </Paragraph>
    </div>
  </Container>
</div>
`;
