// Jest Snapshot v1, https://goo.gl/fbAQLP

exports[`<Notification /> renders 1`] = `
<div
  class="verticalPadding-3 instructional"
>
  <div
    class="flexGrid limitWidth container-fluid"
  >
    <div
      class="flexRow row"
    >
      <div
        class="col-xs col-xs-offset padding"
      >
        <div
          class="betweenRightMargin-3 inline"
        >
          <div
            class="withoutIcon"
          >
            <p
              class="wordBreak noSpacing color medium mediumFont leftAlign"
            >
              Some content
            </p>
          </div>
        </div>
      </div>
    </div>
  </div>
</div>
`;
