// Jest Snapshot v1, https://goo.gl/fbAQLP

exports[`Radio renders 1`] = `
<label
  data-no-global-styles="true"
  for="the-group_the-value"
>
  <div
    class="betweenRightMarginDesktop-3 inline alignCenter"
  >
    <span
      class="unchecked"
      data-testid="fake-radio"
    >
      <input
        class="hide"
        id="the-group_the-value"
        name="the-group"
        type="radio"
        value="the-value"
      />
    </span>
    <span
      class="medium mediumFont color"
    >
      A label
    </span>
  </div>
</label>
`;
