// Jest Snapshot v1, https://goo.gl/fbAQLP

exports[`ExpandCollapse renders 1`] = `
<ExpandCollapse
  open={
    Array [
      "panel-1",
    ]
  }
>
  <div
    open={
      Array [
        "panel-1",
      ]
    }
  >
    <PanelWrapper
      key=".0"
      last={false}
      onClick={[Function]}
      open={true}
      panelHeader="First panel title"
      panelId="panel-1"
      panelOnToggle={undefined}
    >
      <div
        data-testid="panel-1"
      >
        <HairlineDivider
          gradient={false}
          vertical={false}
        >
          <hr
            className="horizontalThin"
          />
        </HairlineDivider>
        <Clickable
          dangerouslyAddClassName="header"
          dangerouslyAddStyle={undefined}
          onClick={[Function]}
        >
          <button
            className="clickable header"
            onClick={[Function]}
            style={undefined}
          >
            <Box
              below={undefined}
              between={undefined}
              dangerouslyAddClassName={undefined}
              horizontal={undefined}
              inline={false}
              inset={undefined}
              right={undefined}
              tag={undefined}
              vertical={3}
            >
              <div
                className="verticalPadding-3"
              >
                <Flexbox
                  dangerouslyAddClassName={undefined}
                  direction="row"
                >
                  <div
                    className="row"
                  >
                    <Box
                      below={undefined}
                      between={undefined}
                      dangerouslyAddClassName={undefined}
                      horizontal={undefined}
                      inline={false}
                      inset={undefined}
                      right={3}
                      tag={undefined}
                      vertical={undefined}
                    >
                      <div
                        className="rightMargin-3"
                      >
                        <DecorativeIcon
                          size={24}
                          symbol="caretDown"
                          variant="primary"
                        >
                          <Icon
                            aria-hidden="true"
                            size={24}
                            symbol="caretDown"
                            variant="primary"
                          >
                            <i
                              aria-hidden="true"
                              className="iconCaretDown primary size24"
                            />
                          </Icon>
                        </DecorativeIcon>
                      </div>
                    </Box>
                    <Text
                      block={false}
                      bold={false}
                      invert={false}
                      size="medium"
                    >
                      <span
                        className="medium mediumFont color"
                      >
                        First panel title
                      </span>
                    </Text>
                  </div>
                </Flexbox>
              </div>
            </Box>
          </button>
        </Clickable>
        <Reveal
          height={0}
          in={true}
          timeout={500}
        >
          <Transition
            appear={false}
            enter={true}
            exit={true}
            in={true}
            mountOnEnter={false}
            onEnter={[Function]}
            onEntered={[Function]}
            onEntering={[Function]}
            onExit={[Function]}
            onExited={[Function]}
            onExiting={[Function]}
            timeout={500}
            unmountOnExit={false}
          >
            <div
              style={
                Object {
                  "height": "0px",
                  "overflow": "hidden",
                  "transition": "height 500ms ease",
                }
              }
            >
              <div>
                <DimpleDivider>
                  <hr
                    className="dimple"
                  />
                </DimpleDivider>
                <Box
                  below={undefined}
                  between={undefined}
                  dangerouslyAddClassName={undefined}
                  horizontal={undefined}
                  inline={false}
                  inset={undefined}
                  right={undefined}
                  tag={undefined}
                  vertical={3}
                >
                  <div
                    className="verticalPadding-3"
                  >
                    <Text
                      block={true}
                      bold={false}
                      invert={false}
                      size="base"
                    >
                      <div
                        className="base baseFont color"
                      >
                        <Panel
                          header="First panel title"
                          id="panel-1"
                          onToggle={undefined}
                        >
                          First panel
                        </Panel>
                      </div>
                    </Text>
                  </div>
                </Box>
              </div>
            </div>
          </Transition>
        </Reveal>
      </div>
    </PanelWrapper>
    <PanelWrapper
      key=".1"
      last={true}
      onClick={[Function]}
      open={false}
      panelHeader="Second panel title"
      panelId="panel-2"
      panelOnToggle={undefined}
    >
      <div
        data-testid="panel-2"
      >
        <HairlineDivider
          gradient={false}
          vertical={false}
        >
          <hr
            className="horizontalThin"
          />
        </HairlineDivider>
        <Clickable
          dangerouslyAddClassName="header"
          dangerouslyAddStyle={undefined}
          onClick={[Function]}
        >
          <button
            className="clickable header"
            onClick={[Function]}
            style={undefined}
          >
            <Box
              below={undefined}
              between={undefined}
              dangerouslyAddClassName={undefined}
              horizontal={undefined}
              inline={false}
              inset={undefined}
              right={undefined}
              tag={undefined}
              vertical={3}
            >
              <div
                className="verticalPadding-3"
              >
                <Flexbox
                  dangerouslyAddClassName={undefined}
                  direction="row"
                >
                  <div
                    className="row"
                  >
                    <Box
                      below={undefined}
                      between={undefined}
                      dangerouslyAddClassName={undefined}
                      horizontal={undefined}
                      inline={false}
                      inset={undefined}
                      right={3}
                      tag={undefined}
                      vertical={undefined}
                    >
                      <div
                        className="rightMargin-3"
                      >
                        <DecorativeIcon
                          size={24}
                          symbol="caretDown"
                          variant="primary"
                        >
                          <Icon
                            aria-hidden="true"
                            size={24}
                            symbol="caretDown"
                            variant="primary"
                          >
                            <i
                              aria-hidden="true"
                              className="iconCaretDown primary size24"
                            />
                          </Icon>
                        </DecorativeIcon>
                      </div>
                    </Box>
                    <Text
                      block={false}
                      bold={false}
                      invert={false}
                      size="medium"
                    >
                      <span
                        className="medium mediumFont color"
                      >
                        Second panel title
                      </span>
                    </Text>
                  </div>
                </Flexbox>
              </div>
            </Box>
          </button>
        </Clickable>
        <Reveal
          height={0}
          in={false}
          timeout={500}
        >
          <Transition
            appear={false}
            enter={true}
            exit={true}
            in={false}
            mountOnEnter={false}
            onEnter={[Function]}
            onEntered={[Function]}
            onEntering={[Function]}
            onExit={[Function]}
            onExited={[Function]}
            onExiting={[Function]}
            timeout={500}
            unmountOnExit={false}
          >
            <div
              style={
                Object {
                  "height": 0,
                  "overflow": "hidden",
                  "transition": "height 500ms ease",
                }
              }
            >
              <div>
                <DimpleDivider>
                  <hr
                    className="dimple"
                  />
                </DimpleDivider>
                <Box
                  below={undefined}
                  between={undefined}
                  dangerouslyAddClassName={undefined}
                  horizontal={undefined}
                  inline={false}
                  inset={undefined}
                  right={undefined}
                  tag={undefined}
                  vertical={3}
                >
                  <div
                    className="verticalPadding-3"
                  >
                    <Text
                      block={true}
                      bold={false}
                      invert={false}
                      size="base"
                    >
                      <div
                        className="base baseFont color"
                      >
                        <Panel
                          header="Second panel title"
                          id="panel-2"
                          onToggle={undefined}
                        >
                          Second panel
                        </Panel>
                      </div>
                    </Text>
                  </div>
                </Box>
              </div>
            </div>
          </Transition>
        </Reveal>
        <HairlineDivider
          gradient={false}
          vertical={false}
        >
          <hr
            className="horizontalThin"
          />
        </HairlineDivider>
      </div>
    </PanelWrapper>
  </div>
</ExpandCollapse>
`;
