// Jest Snapshot v1, https://goo.gl/fbAQLP

exports[`<Notification /> renders 1`] = `
<div
  className="instructional"
>
  <Container
    limitWidth={true}
  >
    <div
      className="content"
    >
      <NotificationIcon
        variant="instructional"
      />
      <p
        className="text"
      >
        Some content
      </p>
    </div>
  </Container>
</div>
`;
