exports[`TextBlock Component matches snapshot 1`] = `
<TitledTextBlock
  content={
    Array [
      Object {
        "content": "Small Text1",
        "title": "Small Title 1",
      },
    ]
  }
  title="Title1"
  titleTagType="h1">
  <div
    className="titled-text-block">
    <div
      className="container container--limited-width">
      <div
        className="grid-row">
        <div
          className="small-12 medium-12 large-12">
          <h1>
            Title1
          </h1>
          <div
            className="titled-text-component">
            <h4>
              Small Title 1
            </h4>
            <p>
              Small Text1
            </p>
          </div>
        </div>
      </div>
    </div>
  </div>
</TitledTextBlock>
`;
