// Jest Snapshot v1, https://goo.gl/fbAQLP

exports[`TextBlock Component matches snapshot 1`] = `
<TitledTextBlock
  content={
    Array [
      Object {
        "content": "Small Text1",
        "title": "Small Title 1",
      },
    ]
  }
  title="Title1"
  titleHeadingClass="heading-1"
>
  <section
    className="titled-text-block"
  >
    <div
      className="tds-container tds-container--limited-width"
    >
      <div
        className="tds-grid-row"
      >
        <div
          className="tds-small-12 tds-medium-12 tds-large-12"
        >
          <h1
            className="heading-1"
          >
            Title1
          </h1>
          <div
            className="title-text-block__content"
          >
            <h2
              className="tds-heading-4"
            >
              Small Title 1
            </h2>
            <p>
              Small Text1
            </p>
          </div>
        </div>
      </div>
    </div>
  </section>
</TitledTextBlock>
`;
