// Jest Snapshot v1, https://goo.gl/fbAQLP

exports[`<UnorderedList /> renders 1`] = `
<ul
  class="base"
>
  <li
    class="circle"
  >
    <div
      class="bottomMargin-2"
    >
      Lorem ipsum
    </div>
  </li>
  <li
    class="circle"
  >
    <div
      class="bottomMargin-2"
    >
      Dolor sit amet
    </div>
  </li>
</ul>
`;
