// Jest Snapshot v1, https://goo.gl/fbAQLP

exports[`SectionHeadingRenderer renders 1`] = `
<Box
  below={3}
  inline={false}
  tag="div"
>
  <Heading
    id="a-section"
    invert={false}
    level="h2"
  >
    <FlexGrid
      gutter={false}
      limitWidth={false}
    >
      <Row>
        <Col>
          <Box
            between="space-between"
            inline={true}
            tag="div"
          >
            A Section
            <div
              className="toolbar"
            >
              <Toolbar />
            </div>
          </Box>
        </Col>
      </Row>
    </FlexGrid>
  </Heading>
</Box>
`;
