// Jest Snapshot v1, https://goo.gl/fbAQLP

exports[`SectionHeadingRenderer renders 1`] = `
<Box
  below={3}
  between="space-between"
  inline={true}
  style={
    Object {
      "alignItems": "center",
    }
  }
  tag="div"
>
  <Heading
    id="a-section"
    invert={false}
    level="h2"
    light={false}
  >
    A Section
  </Heading>
  <div>
    <Toolbar />
  </div>
</Box>
`;
