// Jest Snapshot v1, https://goo.gl/fbAQLP

exports[`Checkbox renders 1`] = `
<label
  data-no-global-styles="true"
  for="the-group-name_the-value"
>
  <div
    class="betweenRightMarginDesktop-3 inline alignCenter"
  >
    <span
      class="fakeCheckbox unchecked"
      data-testid="fake-input"
    >
      <input
        class="hiddenInput"
        data-no-global-styles="true"
        id="the-group-name_the-value"
        name="the-group-name"
        type="checkbox"
        value="the-value"
      />
    </span>
    <span
      class="medium mediumFont color"
    >
      A label
    </span>
  </div>
</label>
`;
