// Jest Snapshot v1, https://goo.gl/fbAQLP

exports[`<OrderedList /> renders 1`] = `
<span
  class="
    base
    baseFont
    color
  "
>
  <ol
    class="
      decimal
    "
  >
    <li>
      <span
        class="
          base
          baseFont
          color
        "
      >
        Lorem ipsum
      </span>
    </li>
    <li>
      <span
        class="
          base
          baseFont
          color
        "
      >
        Dolor sit amet
      </span>
    </li>
  </ol>
</span>
`;
