// Jest Snapshot v1, https://goo.gl/fbAQLP

exports[`ChevronLink renders 1`] = `
<a
  class="primary"
  href="test.com"
>
  <span
    class="betweenRightMargin-2 inline"
  >
    <span>
      Go home
    </span>
    <span
      class="rightChevron"
    >
      <i
        aria-hidden="true"
        class="iconChevron size16"
      />
    </span>
  </span>
</a>
`;
